// Jest Snapshot v1, https://goo.gl/fbAQLP

exports[`renders correctly 1`] = `
<View
  accessible={true}
  collapsable={false}
  focusable={true}
  onBlur={[Function]}
  onClick={[Function]}
  onFocus={[Function]}
  onResponderGrant={[Function]}
  onResponderMove={[Function]}
  onResponderRelease={[Function]}
  onResponderTerminate={[Function]}
  onResponderTerminationRequest={[Function]}
  onStartShouldSetResponder={[Function]}
  style={
    Object {
      "backgroundColor": "blue",
      "margin": 10,
      "padding": 15,
    }
  }
>
  <Text
    style={
      Object {
        "color": "white",
        "fontSize": 16,
        "fontWeight": "bold",
        "textAlign": "center",
      }
    }
  >
    Login
  </Text>
</View>
`;
